Phase 1 · Search step 0 · budget 6m · max 32 new candidates
0/32 attempts · 10s/6m · converged 0 · feasible 0 · failures: none · best: unavailable
0/32 attempts · 21s/6m · converged 0 · feasible 0 · failures: none · best: unavailable
0/32 attempts · 32s/6m · converged 0 · feasible 0 · failures: none · best: unavailable
1/32 attempts · 42s/6m · converged 1 · feasible 1 · failures: none · best 35873e5e84f0 objective=-1.1220429906193439 · COP=1.12204 · Qcold [W]=135.567 · indicated Pin [W]=120.822
1/32 attempts · 53s/6m · converged 1 · feasible 1 · failures: none · best 35873e5e84f0 objective=-1.1220429906193439 · COP=1.12204 · Qcold [W]=135.567 · indicated Pin [W]=120.822
1/32 attempts · 63s/6m · converged 1 · feasible 1 · failures: none · best 35873e5e84f0 objective=-1.1220429906193439 · COP=1.12204 · Qcold [W]=135.567 · indicated Pin [W]=120.822
1/32 attempts · 74s/6m · converged 1 · feasible 1 · failures: none · best 35873e5e84f0 objective=-1.1220429906193439 · COP=1.12204 · Qcold [W]=135.567 · indicated Pin [W]=120.822
1/32 attempts · 85s/6m · converged 1 · feasible 1 · failures: none · best 35873e5e84f0 objective=-1.1220429906193439 · COP=1.12204 · Qcold [W]=135.567 · indicated Pin [W]=120.822
1/32 attempts · 96s/6m · converged 1 · feasible 1 · failures: none · best 35873e5e84f0 objective=-1.1220429906193439 · COP=1.12204 · Qcold [W]=135.567 · indicated Pin [W]=120.822
2/32 attempts · 108s/6m · converged 2 · feasible 1 · failures: converged_infeasible=1 · best 35873e5e84f0 objective=-1.1220429906193439 · COP=1.12204 · Qcold [W]=135.567 · indicated Pin [W]=120.822
2/32 attempts · 118s/6m · converged 2 · feasible 1 · failures: converged_infeasible=1 · best 35873e5e84f0 objective=-1.1220429906193439 · COP=1.12204 · Qcold [W]=135.567 · indicated Pin [W]=120.822
2/32 attempts · 129s/6m · converged 2 · feasible 1 · failures: converged_infeasible=1 · best 35873e5e84f0 objective=-1.1220429906193439 · COP=1.12204 · Qcold [W]=135.567 · indicated Pin [W]=120.822
2/32 attempts · 139s/6m · converged 2 · feasible 1 · failures: converged_infeasible=1 · best 35873e5e84f0 objective=-1.1220429906193439 · COP=1.12204 · Qcold [W]=135.567 · indicated Pin [W]=120.822
2/32 attempts · 150s/6m · converged 2 · feasible 1 · failures: converged_infeasible=1 · best 35873e5e84f0 objective=-1.1220429906193439 · COP=1.12204 · Qcold [W]=135.567 · indicated Pin [W]=120.822
3/32 attempts · 160s/6m · converged 3 · feasible 2 · failures: converged_infeasible=1 · best 35873e5e84f0 objective=-1.1220429906193439 · COP=1.12204 · Qcold [W]=135.567 · indicated Pin [W]=120.822
4/32 attempts · 170s/6m · converged 3 · feasible 2 · failures: converged_infeasible=1, invalid_exchanger=1 · best 35873e5e84f0 objective=-1.1220429906193439 · COP=1.12204 · Qcold [W]=135.567 · indicated Pin [W]=120.822
4/32 attempts · 180s/6m · converged 3 · feasible 2 · failures: converged_infeasible=1, invalid_exchanger=1 · best 35873e5e84f0 objective=-1.1220429906193439 · COP=1.12204 · Qcold [W]=135.567 · indicated Pin [W]=120.822
4/32 attempts · 191s/6m · converged 3 · feasible 2 · failures: converged_infeasible=1, invalid_exchanger=1 · best 35873e5e84f0 objective=-1.1220429906193439 · COP=1.12204 · Qcold [W]=135.567 · indicated Pin [W]=120.822
4/32 attempts · 202s/6m · converged 3 · feasible 2 · failures: converged_infeasible=1, invalid_exchanger=1 · best 35873e5e84f0 objective=-1.1220429906193439 · COP=1.12204 · Qcold [W]=135.567 · indicated Pin [W]=120.822
5/32 attempts · 213s/6m · converged 4 · feasible 2 · failures: converged_infeasible=2, invalid_exchanger=1 · best 35873e5e84f0 objective=-1.1220429906193439 · COP=1.12204 · Qcold [W]=135.567 · indicated Pin [W]=120.822
5/32 attempts · 223s/6m · converged 4 · feasible 2 · failures: converged_infeasible=2, invalid_exchanger=1 · best 35873e5e84f0 objective=-1.1220429906193439 · COP=1.12204 · Qcold [W]=135.567 · indicated Pin [W]=120.822
5/32 attempts · 233s/6m · converged 4 · feasible 2 · failures: converged_infeasible=2, invalid_exchanger=1 · best 35873e5e84f0 objective=-1.1220429906193439 · COP=1.12204 · Qcold [W]=135.567 · indicated Pin [W]=120.822
5/32 attempts · 244s/6m · converged 4 · feasible 2 · failures: converged_infeasible=2, invalid_exchanger=1 · best 35873e5e84f0 objective=-1.1220429906193439 · COP=1.12204 · Qcold [W]=135.567 · indicated Pin [W]=120.822
5/32 attempts · 254s/6m · converged 4 · feasible 2 · failures: converged_infeasible=2, invalid_exchanger=1 · best 35873e5e84f0 objective=-1.1220429906193439 · COP=1.12204 · Qcold [W]=135.567 · indicated Pin [W]=120.822
6/32 attempts · 264s/6m · converged 5 · feasible 2 · failures: converged_infeasible=3, invalid_exchanger=1 · best 35873e5e84f0 objective=-1.1220429906193439 · COP=1.12204 · Qcold [W]=135.567 · indicated Pin [W]=120.822
6/32 attempts · 275s/6m · converged 5 · feasible 2 · failures: converged_infeasible=3, invalid_exchanger=1 · best 35873e5e84f0 objective=-1.1220429906193439 · COP=1.12204 · Qcold [W]=135.567 · indicated Pin [W]=120.822
6/32 attempts · 285s/6m · converged 5 · feasible 2 · failures: converged_infeasible=3, invalid_exchanger=1 · best 35873e5e84f0 objective=-1.1220429906193439 · COP=1.12204 · Qcold [W]=135.567 · indicated Pin [W]=120.822
6/32 attempts · 296s/6m · converged 5 · feasible 2 · failures: converged_infeasible=3, invalid_exchanger=1 · best 35873e5e84f0 objective=-1.1220429906193439 · COP=1.12204 · Qcold [W]=135.567 · indicated Pin [W]=120.822
Done · 7/32 attempts · 303s/6m · converged 6 · feasible 2 · failures: converged_infeasible=4, invalid_exchanger=1 · best 35873e5e84f0 objective=-1.1220429906193439 · COP=1.12204 · Qcold [W]=135.567 · indicated Pin [W]=120.822
